// Jest Snapshot v1, https://goo.gl/fbAQLP

exports[`renders correctly 1`] = `
<View>
  <View>
    <View
      style={
        Object {
          "alignItems": "center",
          "backgroundColor": "#007373",
          "height": 80,
          "marginBottom": 15,
          "padding": 13,
        }
      }
    >
      <Text
        style={
          Object {
            "color": "white",
            "fontSize": 37,
            "textAlign": "center",
          }
        }
      >
        STACKED AREA CHART
      </Text>
    </View>
  </View>
  <View
    accessible={true}
    focusable={false}
    onClick={[Function]}
    onResponderGrant={[Function]}
    onResponderMove={[Function]}
    onResponderRelease={[Function]}
    onResponderTerminate={[Function]}
    onResponderTerminationRequest={[Function]}
    onStartShouldSetResponder={[Function]}
    style={
      Object {
        "borderWidth": 5,
        "margin": 20,
        "opacity": 1,
        "padding": 8,
      }
    }
  >
    <View
      style={
        Object {
          "height": 250,
        }
      }
    >
      <View
        onLayout={[Function]}
        style={
          Object {
            "flex": 1,
          }
        }
      />
    </View>
  </View>
</View>
`;
